[moneysavingclubnews.com/index.html]
[backblue.gif]
[fade.gif]
[index.html]
[moneysavingclubnews.com/index_files/styles.css]
[moneysavingclubnews.com/index_files/usdmv.jpg]
[moneysavingclubnews.com/index_files/old-2.png]
[moneysavingclubnews.com/privacy-policy-cookies-policy/index.html]
[moneysavingclubnews.com/index_files/new-2.png]
[moneysavingclubnews.com/index_files/h22.png]
[moneysavingclubnews.com/index.html]
[moneysavingclubnews.com/index_files/styles.css]
[moneysavingclubnews.com/terms-of-service/index.html]
[moneysavingclubnews.com/contact/index.html]
[moneysavingclubnews.com/wp-includes/css/dist/block-library/style.min4d2c.css]
[moneysavingclubnews.com/wp-content/plugins/cookie-law-info/public/css/cookie-law-info-public544c.css]
[moneysavingclubnews.com/feed/index.html]
[moneysavingclubnews.com/comments/feed/index.html]
[moneysavingclubnews.com/wp-content/plugins/cookie-law-info/public/css/cookie-law-info-gdpr544c.css]
[moneysavingclubnews.com/wp-content/plugins/sola-newsletters/css/style4d2c.css]
[moneysavingclubnews.com/wp-content/themes/reflect/assets/fontawesome-free/web-fonts-with-css/css/fontawesome-all4d2c.css]
[moneysavingclubnews.com/wp-content/themes/reflect/assets/magnific-popup/magnific-popup4d2c.css]
[moneysavingclubnews.com/wp-content/themes/reflect/style4d2c.css]
[moneysavingclubnews.com/wp-includes/js/jquery/jquery4a5f.js]
[moneysavingclubnews.com/wp-includes/js/jquery/jquery-migrate.min330a.js]
[moneysavingclubnews.com/wp-content/plugins/cookie-law-info/public/js/cookie-law-info-public544c.js]
[moneysavingclubnews.com/wp-content/themes/reflect/assets/magnific-popup/jquery.magnific-popupf488.js]
[moneysavingclubnews.com/wp-content/themes/reflect/assets/flexibility.mini5152.js]
[moneysavingclubnews.com/wp-content/themes/reflect/assets/jquery.fitvids4963.js]
[moneysavingclubnews.com/wp-content/themes/reflect/assets/reflect5152.js]
[moneysavingclubnews.com/xmlrpc0db0.php]
[moneysavingclubnews.com/wp-includes/wlwmanifest.xml]
[moneysavingclubnews.com/wp-json/index.html]
[moneysavingclubnews.com/wp-json/oembed/1.0/embedf1f2.json]
[moneysavingclubnews.com/index5757.html]
[moneysavingclubnews.com/wp-json/oembed/1.0/embed0f58]
[moneysavingclubnews.com/wp-content/uploads/2018/10/cropped-logo-1-32x32.png]
[moneysavingclubnews.com/wp-content/uploads/2018/10/cropped-logo-1-192x192.png]
[moneysavingclubnews.com/wp-content/uploads/2018/10/cropped-logo-1-180x180.png]
[moneysavingclubnews.com/wp-includes/js/wp-embed.min4d2c.js]
[moneysavingclubnews.com/wp-content/plugins/sola-newsletters/js/subscribe_widget4d2c.js]
[moneysavingclubnews.com/privacy-policy-cookies-policy/index.html]
[moneysavingclubnews.com/wp-content/plugins/icegram/assets/js/main.min0a78.js]
[moneysavingclubnews.com/category/featured/index.html]
[moneysavingclubnews.com/nl-confirm-signup/index.html]
[moneysavingclubnews.com/wp-json/oembed/1.0/embed32c8.json]
[moneysavingclubnews.com/indexb5fb.html]
[moneysavingclubnews.com/nl-unsubscribe-page/index.html]
[moneysavingclubnews.com/terms-of-service/index.html]
[moneysavingclubnews.com/wp-json/oembed/1.0/embed790a]
[moneysavingclubnews.com/wp-json/oembed/1.0/embedddfa.json]
[moneysavingclubnews.com/indexcbb6.html]
[moneysavingclubnews.com/wp-json/oembed/1.0/embed7b08]
[moneysavingclubnews.com/wp-content/plugins/contact-form-to-email/css/stylepublic4d2c.css]
[moneysavingclubnews.com/wp-content/plugins/contact-form-to-email/css/cupertino/jquery-ui-1.8.20.custom4d2c.css]
[moneysavingclubnews.com/wp-includes/js/jquery/ui/core.mine899.js]
[moneysavingclubnews.com/wp-includes/js/jquery/ui/datepicker.mine899.js]
[moneysavingclubnews.com/indexc2c0.html]
[moneysavingclubnews.com/wp-includes/js/jquery/ui/widget.mine899.js]
[moneysavingclubnews.com/wp-includes/js/jquery/ui/mouse.mine899.js]
[moneysavingclubnews.com/wp-includes/js/jquery/ui/resizable.mine899.js]
[moneysavingclubnews.com/wp-includes/js/jquery/ui/draggable.mine899.js]
[moneysavingclubnews.com/wp-includes/js/jquery/ui/button.mine899.js]
[moneysavingclubnews.com/wp-includes/js/jquery/ui/position.mine899.js]
[moneysavingclubnews.com/wp-includes/js/jquery/ui/dialog.mine899.js]
[moneysavingclubnews.com/wp-includes/js/jquery/ui/tooltip.mine899.js]
[moneysavingclubnews.com/wp-content/plugins/contact-form-to-email/js/jQuery.stringify4d2c.js]
[moneysavingclubnews.com/wp-content/plugins/contact-form-to-email/js/jquery.validate4d2c.js]
[moneysavingclubnews.com/contact/index.html]
[moneysavingclubnews.com/wp-includes/css/dist/block-library/style.min4d2c.css]
[moneysavingclubnews.com/wp-content/plugins/cookie-law-info/public/css/cookie-law-info-public544c.css]
[moneysavingclubnews.com/wp-content/plugins/cookie-law-info/public/css/cookie-law-info-gdpr544c.css]
[moneysavingclubnews.com/wp-content/plugins/contact-form-to-email/js/fbuilderf.jquery4d2c.js]
[moneysavingclubnews.com/wp-content/plugins/sola-newsletters/images/preview/desktop_preview.png]
[moneysavingclubnews.com/wp-content/plugins/sola-newsletters/images/preview/iphone_preview.png]
[moneysavingclubnews.com/wp-content/plugins/sola-newsletters/images/preview/ipad_preview.png]
[moneysavingclubnews.com/wp-content/plugins/sola-newsletters/images/preview/tablet_landscape.png]
[moneysavingclubnews.com/wp-content/plugins/sola-newsletters/css/style4d2c.css]
[moneysavingclubnews.com/wp-content/themes/reflect/assets/fontawesome-free/web-fonts-with-css/webfonts/fa-brands-400.eot]
[moneysavingclubnews.com/wp-content/themes/reflect/assets/fontawesome-free/web-fonts-with-css/webfonts/fa-brands-400d41d.eot]
[moneysavingclubnews.com/wp-content/themes/reflect/assets/fontawesome-free/web-fonts-with-css/webfonts/fa-brands-400.woff2]
[moneysavingclubnews.com/wp-content/themes/reflect/assets/fontawesome-free/web-fonts-with-css/webfonts/fa-brands-400.woff]
[moneysavingclubnews.com/wp-content/themes/reflect/assets/fontawesome-free/web-fonts-with-css/webfonts/fa-brands-400.ttf]
[moneysavingclubnews.com/wp-content/themes/reflect/assets/fontawesome-free/web-fonts-with-css/webfonts/fa-brands-400.svg]
[moneysavingclubnews.com/wp-content/themes/reflect/assets/fontawesome-free/web-fonts-with-css/webfonts/fa-regular-400.eot]
[moneysavingclubnews.com/wp-content/themes/reflect/assets/fontawesome-free/web-fonts-with-css/webfonts/fa-regular-400d41d.eot]
[moneysavingclubnews.com/wp-content/themes/reflect/assets/fontawesome-free/web-fonts-with-css/webfonts/fa-regular-400.woff2]
[moneysavingclubnews.com/wp-content/themes/reflect/assets/fontawesome-free/web-fonts-with-css/webfonts/fa-regular-400.woff]
[moneysavingclubnews.com/wp-content/themes/reflect/assets/fontawesome-free/web-fonts-with-css/webfonts/fa-regular-400.ttf]
[moneysavingclubnews.com/wp-content/themes/reflect/assets/fontawesome-free/web-fonts-with-css/webfonts/fa-regular-400.svg]
[moneysavingclubnews.com/wp-content/themes/reflect/assets/fontawesome-free/web-fonts-with-css/webfonts/fa-solid-900.eot]
[moneysavingclubnews.com/wp-content/themes/reflect/assets/fontawesome-free/web-fonts-with-css/webfonts/fa-solid-900d41d.eot]
[moneysavingclubnews.com/wp-content/themes/reflect/assets/fontawesome-free/web-fonts-with-css/webfonts/fa-solid-900.woff2]
[moneysavingclubnews.com/wp-content/themes/reflect/assets/fontawesome-free/web-fonts-with-css/webfonts/fa-solid-900.woff]
[moneysavingclubnews.com/wp-content/themes/reflect/assets/fontawesome-free/web-fonts-with-css/webfonts/fa-solid-900.ttf]
[moneysavingclubnews.com/wp-content/themes/reflect/assets/fontawesome-free/web-fonts-with-css/css/fontawesome-all4d2c.css]
[moneysavingclubnews.com/wp-content/themes/reflect/assets/magnific-popup/magnific-popup4d2c.css]
[moneysavingclubnews.com/wp-content/themes/reflect/assets/fontawesome-free/web-fonts-with-css/webfonts/fa-solid-900.svg]
[moneysavingclubnews.com/wp-content/themes/reflect/assets/images/share-icon-dark.svg]
[moneysavingclubnews.com/wp-content/themes/reflect/style4d2c.css]
[moneysavingclubnews.com/index5757.html]
[moneysavingclubnews.com/wp-admin/admin-ajax.html]
[moneysavingclubnews.com/category/featured/index.html]
[moneysavingclubnews.com/category/featured/feed/index.html]
[moneysavingclubnews.com/wp-json/oembed/1.0/embed160f.json]
[moneysavingclubnews.com/indexc471.html]
[moneysavingclubnews.com/nl-confirm-signup/index.html]
[moneysavingclubnews.com/wp-json/oembed/1.0/embed742d]
[moneysavingclubnews.com/wp-json/oembed/1.0/embed3df2.json]
[moneysavingclubnews.com/index42dc.html]
[moneysavingclubnews.com/nl-unsubscribe-page/index.html]
[moneysavingclubnews.com/indexb5fb.html]
[moneysavingclubnews.com/indexcbb6.html]
[moneysavingclubnews.com/indexc2c0.html]
[moneysavingclubnews.com/wp-json/oembed/1.0/embed19b3]
[moneysavingclubnews.com/wp-content/plugins/contact-form-to-email/images/tooltop.gif]
[moneysavingclubnews.com/wp-content/plugins/contact-form-to-email/css/stylepublic4d2c.css]
[moneysavingclubnews.com/wp-content/plugins/contact-form-to-email/css/cupertino/images/ui-bg_highlight-hard_100_f2f5f7_1x100.png]
[moneysavingclubnews.com/wp-content/plugins/contact-form-to-email/css/cupertino/images/ui-bg_highlight-soft_100_deedf7_1x100.png]
[moneysavingclubnews.com/wp-content/plugins/contact-form-to-email/css/cupertino/images/ui-bg_glass_80_d7ebf9_1x400.png]
[moneysavingclubnews.com/wp-content/plugins/contact-form-to-email/css/cupertino/images/ui-bg_glass_100_e4f1fb_1x400.png]
[moneysavingclubnews.com/wp-content/plugins/contact-form-to-email/css/cupertino/images/ui-bg_glass_50_3baae3_1x400.png]
[moneysavingclubnews.com/wp-content/plugins/contact-form-to-email/css/cupertino/images/ui-bg_highlight-soft_25_ffef8f_1x100.png]
[moneysavingclubnews.com/wp-content/plugins/contact-form-to-email/css/cupertino/images/ui-bg_flat_15_cd0a0a_40x100.png]
[moneysavingclubnews.com/wp-content/plugins/contact-form-to-email/css/cupertino/images/ui-icons_72a7cf_256x240.png]
[moneysavingclubnews.com/wp-content/plugins/contact-form-to-email/css/cupertino/images/ui-icons_3d80b3_256x240.png]
[moneysavingclubnews.com/wp-content/plugins/contact-form-to-email/css/cupertino/images/ui-icons_2694e8_256x240.png]
[moneysavingclubnews.com/wp-content/plugins/contact-form-to-email/css/cupertino/images/ui-icons_ffffff_256x240.png]
[moneysavingclubnews.com/wp-content/plugins/contact-form-to-email/css/cupertino/images/ui-icons_2e83ff_256x240.png]
[moneysavingclubnews.com/wp-content/plugins/contact-form-to-email/css/cupertino/images/ui-bg_diagonals-thick_90_eeeeee_40x40.png]
[moneysavingclubnews.com/wp-content/plugins/contact-form-to-email/css/cupertino/images/ui-bg_highlight-hard_70_000000_1x100.png]
[moneysavingclubnews.com/wp-content/plugins/contact-form-to-email/css/cupertino/jquery-ui-1.8.20.custom4d2c.css]
[moneysavingclubnews.com/wp-content/themes/reflect/assets/fontawesome-free/web-fonts-with-css/webfonts/fa-brands-400.svg]
[moneysavingclubnews.com/wp-content/themes/reflect/assets/fontawesome-free/web-fonts-with-css/webfonts/fa-regular-400.svg]
[moneysavingclubnews.com/wp-content/themes/reflect/assets/fontawesome-free/web-fonts-with-css/webfonts/fa-solid-900.svg]
[moneysavingclubnews.com/wp-content/themes/reflect/assets/images/share-icon-dark.html]
[moneysavingclubnews.com/indexc471.html]
[moneysavingclubnews.com/index42dc.html]
[moneysavingclubnews.com/wp-content/plugins/contact-form-to-email/css/cupertino/images/ui-bg_diagonals-thick_90_eeeeee_40x40.html]
